// Jest Snapshot v1, https://goo.gl/fbAQLP

exports[`InstitutionCard Component component should render the same as always 1`] = `ReactWrapper {}`;
